// Jest Snapshot v1, https://goo.gl/fbAQLP

exports[`CategoryItem component should match snapshot 1`] = `
<div
  className="vtex-category-menu__item ph4"
  data-testid="category-item"
>
  <a
    className="db no-underline ttu"
    href="#1"
  >
    Category
  </a>
  <CategorySubMenu
    subCategories={
      Array [
        Object {
          "href": "#2",
          "id": 2,
          "name": "Sub-category",
          "slug": "sub-category",
        },
      ]
    }
  />
</div>
`;
